// Jest Snapshot v1, https://goo.gl/fbAQLP

exports[`extensibleFallbackSetupTxs - service to generate transactions for ExtensibleFallback setup Should create a bundle of two transactions: setFallbackHandler and setDomainVerifier 1`] = `
Array [
  Object {
    "data": "0xf08a03230000000000000000000000000f22204afe067e5b0dce38f31f171aed81d0ee24",
    "operation": 0,
    "to": "0xA12D770028d7072b80BAEb6A1df962cccfd1dddd",
    "value": "0",
  },
  Object {
    "data": "0x3365582ca5b986c2f5845d520bcb903639360b147735589732066cea24a3a59678025c94000000000000000000000000a31b99bd44528c7bae9e1f675d810ae13b0e29aa",
    "operation": 0,
    "to": "0xA12D770028d7072b80BAEb6A1df962cccfd1dddd",
    "value": "0",
  },
]
`;
