// Jest Snapshot v1, https://goo.gl/fbAQLP

exports[`Create TWAP order When sell token is NOT approved AND token needs zero approval, then should generate 2 approvals and creation transactions 1`] = `
[
  "createWithContext",
  [
    {
      "handler": "0x6cF1e9cA41f7611dEf408122793c358a3d11E5a5",
      "salt": "0x00000000000000000000000000000000000000000000000000000015c90b9b2a",
      "staticInput": "0x0000000000000000000000000625afb445c3b6b7b929342a04a22599fd5dbb59000000000000000000000000fff9976782d46cc05630d1f6ebab18b2324d6b14000000000000000000000000b4fbf271143f4fbf7b91a5ded31805e42b2208d600000000000000000000000000000000000000000000000000000007c2d24d55000000000000000000000000000000000000000000000000000000000001046a00000000000000000000000000000000000000000000000000000000646b782c0000000000000000000000000000000000000000000000000000000000000003000000000000000000000000000000000000000000000000000000000000025800000000000000000000000000000000000000000000000000000000000000003f13237929334d44bdb32b189d1644965915936e62004fb77ec7bc861cddc7a4",
    },
    "0x52eD56Da04309Aca4c3FECC595298d80C2f16BAc",
    "0x",
    true,
  ],
]
`;

exports[`Create TWAP order When sell token is NOT approved AND token needs zero approval, then should generate 2 approvals and creation transactions 2`] = `
[
  "approve",
  [
    "0xB4FBF271143F4FBf7B91A5ded31805e42b222222",
    "115792089237316195423570985008687907853269984665640564039457584007913129639935",
  ],
]
`;

exports[`Create TWAP order When sell token is NOT approved AND token needs zero approval, then should generate 2 approvals and creation transactions 3`] = `
[
  "approve",
  [
    "0xB4FBF271143F4FBf7B91A5ded31805e42b222222",
    "0",
  ],
]
`;

exports[`Create TWAP order When sell token is NOT approved AND token needs zero approval, then should generate 2 approvals and creation transactions 4`] = `
[
  {
    "data": "0xAPPROVE_TX_DATA",
    "operation": 0,
    "to": "0x0625aFB445C3B6B7B929342a04A22599fd5dBB59",
    "value": "0",
  },
  {
    "data": "0xAPPROVE_TX_DATA",
    "operation": 0,
    "to": "0x0625aFB445C3B6B7B929342a04A22599fd5dBB59",
    "value": "0",
  },
  {
    "data": "0xCREATE_COW_TX_DATA",
    "operation": 0,
    "to": "0xfdaFc9d1902f4e0b84f65F49f244b32b31013b74",
    "value": "0",
  },
]
`;

exports[`Create TWAP order When sell token is NOT approved, then should generate approval and creation transactions 1`] = `
[
  "createWithContext",
  [
    {
      "handler": "0x6cF1e9cA41f7611dEf408122793c358a3d11E5a5",
      "salt": "0x00000000000000000000000000000000000000000000000000000015c90b9b2a",
      "staticInput": "0x0000000000000000000000000625afb445c3b6b7b929342a04a22599fd5dbb59000000000000000000000000fff9976782d46cc05630d1f6ebab18b2324d6b14000000000000000000000000b4fbf271143f4fbf7b91a5ded31805e42b2208d600000000000000000000000000000000000000000000000000000007c2d24d55000000000000000000000000000000000000000000000000000000000001046a00000000000000000000000000000000000000000000000000000000646b782c0000000000000000000000000000000000000000000000000000000000000003000000000000000000000000000000000000000000000000000000000000025800000000000000000000000000000000000000000000000000000000000000003f13237929334d44bdb32b189d1644965915936e62004fb77ec7bc861cddc7a4",
    },
    "0x52eD56Da04309Aca4c3FECC595298d80C2f16BAc",
    "0x",
    true,
  ],
]
`;

exports[`Create TWAP order When sell token is NOT approved, then should generate approval and creation transactions 2`] = `
[
  "approve",
  [
    "0xB4FBF271143F4FBf7B91A5ded31805e42b222222",
    "115792089237316195423570985008687907853269984665640564039457584007913129639935",
  ],
]
`;

exports[`Create TWAP order When sell token is NOT approved, then should generate approval and creation transactions 3`] = `
[
  {
    "data": "0xAPPROVE_TX_DATA",
    "operation": 0,
    "to": "0x0625aFB445C3B6B7B929342a04A22599fd5dBB59",
    "value": "0",
  },
  {
    "data": "0xCREATE_COW_TX_DATA",
    "operation": 0,
    "to": "0xfdaFc9d1902f4e0b84f65F49f244b32b31013b74",
    "value": "0",
  },
]
`;

exports[`Create TWAP order When sell token is approved, then should generate only creation transaction 1`] = `
[
  "createWithContext",
  [
    {
      "handler": "0x6cF1e9cA41f7611dEf408122793c358a3d11E5a5",
      "salt": "0x00000000000000000000000000000000000000000000000000000015c90b9b2a",
      "staticInput": "0x0000000000000000000000000625afb445c3b6b7b929342a04a22599fd5dbb59000000000000000000000000fff9976782d46cc05630d1f6ebab18b2324d6b14000000000000000000000000b4fbf271143f4fbf7b91a5ded31805e42b2208d600000000000000000000000000000000000000000000000000000007c2d24d55000000000000000000000000000000000000000000000000000000000001046a00000000000000000000000000000000000000000000000000000000646b782c0000000000000000000000000000000000000000000000000000000000000003000000000000000000000000000000000000000000000000000000000000025800000000000000000000000000000000000000000000000000000000000000003f13237929334d44bdb32b189d1644965915936e62004fb77ec7bc861cddc7a4",
    },
    "0x52eD56Da04309Aca4c3FECC595298d80C2f16BAc",
    "0x",
    true,
  ],
]
`;

exports[`Create TWAP order When sell token is approved, then should generate only creation transaction 2`] = `
[
  {
    "data": "0xCREATE_COW_TX_DATA",
    "operation": 0,
    "to": "0xfdaFc9d1902f4e0b84f65F49f244b32b31013b74",
    "value": "0",
  },
]
`;
