// Jest Snapshot v1, https://goo.gl/fbAQLP

exports[`batchExpireOrdersPopup should trigger pop ups if there are pending orders 1`] = `
Object {
  "payload": Object {
    "id": "0x001",
    "popup": Object {
      "content": Object {
        "metatxn": Object {
          "id": "0x001",
          "success": false,
          "summary": "summary expired",
        },
      },
      "key": "0x001_expired",
    },
  },
  "type": "application/addPopup",
}
`;
